
> henhacks@0.1.0 test
> react-scripts test --coverage

  console.error
    Error: Uncaught [Error: useRoutes() may be used only in the context of a <Router> component.]
        at reportException (/home/runner/work/henhacks/henhacks/node_modules/jsdom/lib/jsdom/living/helpers/runtime-script-errors.js:66:24)
        at innerInvokeEventListeners (/home/runner/work/henhacks/henhacks/node_modules/jsdom/lib/jsdom/living/events/EventTarget-impl.js:341:9)
        at invokeEventListeners (/home/runner/work/henhacks/henhacks/node_modules/jsdom/lib/jsdom/living/events/EventTarget-impl.js:274:3)
        at HTMLUnknownElementImpl._dispatch (/home/runner/work/henhacks/henhacks/node_modules/jsdom/lib/jsdom/living/events/EventTarget-impl.js:221:9)
        at HTMLUnknownElementImpl.dispatchEvent (/home/runner/work/henhacks/henhacks/node_modules/jsdom/lib/jsdom/living/events/EventTarget-impl.js:94:17)
        at HTMLUnknownElement.dispatchEvent (/home/runner/work/henhacks/henhacks/node_modules/jsdom/lib/jsdom/living/generated/EventTarget.js:231:34)
        at Object.invokeGuardedCallbackDev (/home/runner/work/henhacks/henhacks/node_modules/react-dom/cjs/react-dom.development.js:4213:16)
        at invokeGuardedCallback (/home/runner/work/henhacks/henhacks/node_modules/react-dom/cjs/react-dom.development.js:4277:31)
        at beginWork$1 (/home/runner/work/henhacks/henhacks/node_modules/react-dom/cjs/react-dom.development.js:27451:7)
        at performUnitOfWork (/home/runner/work/henhacks/henhacks/node_modules/react-dom/cjs/react-dom.development.js:26560:12)
        at workLoopSync (/home/runner/work/henhacks/henhacks/node_modules/react-dom/cjs/react-dom.development.js:26466:5)
        at renderRootSync (/home/runner/work/henhacks/henhacks/node_modules/react-dom/cjs/react-dom.development.js:26434:7)
        at performConcurrentWorkOnRoot (/home/runner/work/henhacks/henhacks/node_modules/react-dom/cjs/react-dom.development.js:25738:74)
        at flushActQueue (/home/runner/work/henhacks/henhacks/node_modules/react/cjs/react.development.js:2667:24)
        at act (/home/runner/work/henhacks/henhacks/node_modules/react/cjs/react.development.js:2582:11)
        at /home/runner/work/henhacks/henhacks/node_modules/@testing-library/react/dist/act-compat.js:63:25
        at renderRoot (/home/runner/work/henhacks/henhacks/node_modules/@testing-library/react/dist/pure.js:159:26)
        at render (/home/runner/work/henhacks/henhacks/node_modules/@testing-library/react/dist/pure.js:246:10)
        at customRender (/home/runner/work/henhacks/henhacks/src/test-utils.tsx:10:9)
        at Object.<anonymous> (/home/runner/work/henhacks/henhacks/src/App.test.tsx:7:9)
        at Promise.then.completed (/home/runner/work/henhacks/henhacks/node_modules/jest-circus/build/utils.js:391:28)
        at new Promise (<anonymous>)
        at callAsyncCircusFn (/home/runner/work/henhacks/henhacks/node_modules/jest-circus/build/utils.js:316:10)
        at _callCircusTest (/home/runner/work/henhacks/henhacks/node_modules/jest-circus/build/run.js:218:40)
        at _runTest (/home/runner/work/henhacks/henhacks/node_modules/jest-circus/build/run.js:155:3)
        at _runTestsForDescribeBlock (/home/runner/work/henhacks/henhacks/node_modules/jest-circus/build/run.js:66:9)
        at run (/home/runner/work/henhacks/henhacks/node_modules/jest-circus/build/run.js:25:3)
        at runAndTransformResultsToJestFormat (/home/runner/work/henhacks/henhacks/node_modules/jest-circus/build/legacy-code-todo-rewrite/jestAdapterInit.js:170:21)
        at jestAdapter (/home/runner/work/henhacks/henhacks/node_modules/jest-circus/build/legacy-code-todo-rewrite/jestAdapter.js:82:19)
        at runTestInternal (/home/runner/work/henhacks/henhacks/node_modules/jest-runner/build/runTest.js:389:16)
        at runTest (/home/runner/work/henhacks/henhacks/node_modules/jest-runner/build/runTest.js:475:34)
        at TestRunner.runTests (/home/runner/work/henhacks/henhacks/node_modules/jest-runner/build/index.js:101:12)
        at TestScheduler.scheduleTests (/home/runner/work/henhacks/henhacks/node_modules/@jest/core/build/TestScheduler.js:333:13)
        at runJest (/home/runner/work/henhacks/henhacks/node_modules/@jest/core/build/runJest.js:404:19)
        at _run10000 (/home/runner/work/henhacks/henhacks/node_modules/@jest/core/build/cli/index.js:320:7)
        at runCLI (/home/runner/work/henhacks/henhacks/node_modules/@jest/core/build/cli/index.js:173:3)
        at Object.run (/home/runner/work/henhacks/henhacks/node_modules/jest-cli/build/cli/index.js:155:37) Error: useRoutes() may be used only in the context of a <Router> component.
        at Object.invariant [as UNSAFE_invariant] (/home/runner/work/henhacks/henhacks/node_modules/@remix-run/router/history.ts:480:11)
        at useRoutesImpl (/home/runner/work/henhacks/henhacks/node_modules/react-router/lib/hooks.tsx:339:3)
        at useRoutes (/home/runner/work/henhacks/henhacks/node_modules/react-router/lib/hooks.tsx:330:10)
        at Routes (/home/runner/work/henhacks/henhacks/node_modules/react-router/lib/components.tsx:403:10)
        at renderWithHooks (/home/runner/work/henhacks/henhacks/node_modules/react-dom/cjs/react-dom.development.js:16305:18)
        at mountIndeterminateComponent (/home/runner/work/henhacks/henhacks/node_modules/react-dom/cjs/react-dom.development.js:20074:13)
        at beginWork (/home/runner/work/henhacks/henhacks/node_modules/react-dom/cjs/react-dom.development.js:21587:16)
        at HTMLUnknownElement.callCallback (/home/runner/work/henhacks/henhacks/node_modules/react-dom/cjs/react-dom.development.js:4164:14)
        at HTMLUnknownElement.callTheUserObjectsOperation (/home/runner/work/henhacks/henhacks/node_modules/jsdom/lib/jsdom/living/generated/EventListener.js:26:30)
        at innerInvokeEventListeners (/home/runner/work/henhacks/henhacks/node_modules/jsdom/lib/jsdom/living/events/EventTarget-impl.js:338:25)
        at invokeEventListeners (/home/runner/work/henhacks/henhacks/node_modules/jsdom/lib/jsdom/living/events/EventTarget-impl.js:274:3)
        at HTMLUnknownElementImpl._dispatch (/home/runner/work/henhacks/henhacks/node_modules/jsdom/lib/jsdom/living/events/EventTarget-impl.js:221:9)
        at HTMLUnknownElementImpl.dispatchEvent (/home/runner/work/henhacks/henhacks/node_modules/jsdom/lib/jsdom/living/events/EventTarget-impl.js:94:17)
        at HTMLUnknownElement.dispatchEvent (/home/runner/work/henhacks/henhacks/node_modules/jsdom/lib/jsdom/living/generated/EventTarget.js:231:34)
        at Object.invokeGuardedCallbackDev (/home/runner/work/henhacks/henhacks/node_modules/react-dom/cjs/react-dom.development.js:4213:16)
        at invokeGuardedCallback (/home/runner/work/henhacks/henhacks/node_modules/react-dom/cjs/react-dom.development.js:4277:31)
        at beginWork$1 (/home/runner/work/henhacks/henhacks/node_modules/react-dom/cjs/react-dom.development.js:27451:7)
        at performUnitOfWork (/home/runner/work/henhacks/henhacks/node_modules/react-dom/cjs/react-dom.development.js:26560:12)
        at workLoopSync (/home/runner/work/henhacks/henhacks/node_modules/react-dom/cjs/react-dom.development.js:26466:5)
        at renderRootSync (/home/runner/work/henhacks/henhacks/node_modules/react-dom/cjs/react-dom.development.js:26434:7)
        at performConcurrentWorkOnRoot (/home/runner/work/henhacks/henhacks/node_modules/react-dom/cjs/react-dom.development.js:25738:74)
        at flushActQueue (/home/runner/work/henhacks/henhacks/node_modules/react/cjs/react.development.js:2667:24)
        at act (/home/runner/work/henhacks/henhacks/node_modules/react/cjs/react.development.js:2582:11)
        at /home/runner/work/henhacks/henhacks/node_modules/@testing-library/react/dist/act-compat.js:63:25
        at renderRoot (/home/runner/work/henhacks/henhacks/node_modules/@testing-library/react/dist/pure.js:159:26)
        at render (/home/runner/work/henhacks/henhacks/node_modules/@testing-library/react/dist/pure.js:246:10)
        at customRender (/home/runner/work/henhacks/henhacks/src/test-utils.tsx:10:9)
        at Object.<anonymous> (/home/runner/work/henhacks/henhacks/src/App.test.tsx:7:9)
        at Promise.then.completed (/home/runner/work/henhacks/henhacks/node_modules/jest-circus/build/utils.js:391:28)
        at new Promise (<anonymous>)
        at callAsyncCircusFn (/home/runner/work/henhacks/henhacks/node_modules/jest-circus/build/utils.js:316:10)
        at _callCircusTest (/home/runner/work/henhacks/henhacks/node_modules/jest-circus/build/run.js:218:40)
        at _runTest (/home/runner/work/henhacks/henhacks/node_modules/jest-circus/build/run.js:155:3)
        at _runTestsForDescribeBlock (/home/runner/work/henhacks/henhacks/node_modules/jest-circus/build/run.js:66:9)
        at run (/home/runner/work/henhacks/henhacks/node_modules/jest-circus/build/run.js:25:3)
        at runAndTransformResultsToJestFormat (/home/runner/work/henhacks/henhacks/node_modules/jest-circus/build/legacy-code-todo-rewrite/jestAdapterInit.js:170:21)
        at jestAdapter (/home/runner/work/henhacks/henhacks/node_modules/jest-circus/build/legacy-code-todo-rewrite/jestAdapter.js:82:19)
        at runTestInternal (/home/runner/work/henhacks/henhacks/node_modules/jest-runner/build/runTest.js:389:16)
        at runTest (/home/runner/work/henhacks/henhacks/node_modules/jest-runner/build/runTest.js:475:34)
        at TestRunner.runTests (/home/runner/work/henhacks/henhacks/node_modules/jest-runner/build/index.js:101:12)
        at TestScheduler.scheduleTests (/home/runner/work/henhacks/henhacks/node_modules/@jest/core/build/TestScheduler.js:333:13)
        at runJest (/home/runner/work/henhacks/henhacks/node_modules/@jest/core/build/runJest.js:404:19)
        at _run10000 (/home/runner/work/henhacks/henhacks/node_modules/@jest/core/build/cli/index.js:320:7)
        at runCLI (/home/runner/work/henhacks/henhacks/node_modules/@jest/core/build/cli/index.js:173:3)
        at Object.run (/home/runner/work/henhacks/henhacks/node_modules/jest-cli/build/cli/index.js:155:37)

       8 |
       9 | const customRender = (ui: React.ReactElement, options?: RenderOptions) =>
    > 10 |   render(ui, { wrapper: AllProviders, ...options })
         |         ^
      11 |
      12 | export { customRender as render }
      13 |

      at VirtualConsole.<anonymous> (node_modules/jsdom/lib/jsdom/virtual-console.js:29:45)
      at reportException (node_modules/jsdom/lib/jsdom/living/helpers/runtime-script-errors.js:70:28)
      at innerInvokeEventListeners (node_modules/jsdom/lib/jsdom/living/events/EventTarget-impl.js:341:9)
      at invokeEventListeners (node_modules/jsdom/lib/jsdom/living/events/EventTarget-impl.js:274:3)
      at HTMLUnknownElementImpl._dispatch (node_modules/jsdom/lib/jsdom/living/events/EventTarget-impl.js:221:9)
      at HTMLUnknownElementImpl.dispatchEvent (node_modules/jsdom/lib/jsdom/living/events/EventTarget-impl.js:94:17)
      at HTMLUnknownElement.dispatchEvent (node_modules/jsdom/lib/jsdom/living/generated/EventTarget.js:231:34)
      at Object.invokeGuardedCallbackDev (node_modules/react-dom/cjs/react-dom.development.js:4213:16)
      at invokeGuardedCallback (node_modules/react-dom/cjs/react-dom.development.js:4277:31)
      at beginWork$1 (node_modules/react-dom/cjs/react-dom.development.js:27451:7)
      at performUnitOfWork (node_modules/react-dom/cjs/react-dom.development.js:26560:12)
      at workLoopSync (node_modules/react-dom/cjs/react-dom.development.js:26466:5)
      at renderRootSync (node_modules/react-dom/cjs/react-dom.development.js:26434:7)
      at performConcurrentWorkOnRoot (node_modules/react-dom/cjs/react-dom.development.js:25738:74)
      at flushActQueue (node_modules/react/cjs/react.development.js:2667:24)
      at act (node_modules/react/cjs/react.development.js:2582:11)
      at node_modules/@testing-library/react/dist/act-compat.js:63:25
      at renderRoot (node_modules/@testing-library/react/dist/pure.js:159:26)
      at render (node_modules/@testing-library/react/dist/pure.js:246:10)
      at customRender (src/test-utils.tsx:10:9)
      at Object.<anonymous> (src/App.test.tsx:7:9)
      at TestScheduler.scheduleTests (node_modules/@jest/core/build/TestScheduler.js:333:13)
      at runJest (node_modules/@jest/core/build/runJest.js:404:19)
      at _run10000 (node_modules/@jest/core/build/cli/index.js:320:7)
      at runCLI (node_modules/@jest/core/build/cli/index.js:173:3)

  console.error
    Error: Uncaught [Error: useRoutes() may be used only in the context of a <Router> component.]
        at reportException (/home/runner/work/henhacks/henhacks/node_modules/jsdom/lib/jsdom/living/helpers/runtime-script-errors.js:66:24)
        at innerInvokeEventListeners (/home/runner/work/henhacks/henhacks/node_modules/jsdom/lib/jsdom/living/events/EventTarget-impl.js:341:9)
        at invokeEventListeners (/home/runner/work/henhacks/henhacks/node_modules/jsdom/lib/jsdom/living/events/EventTarget-impl.js:274:3)
        at HTMLUnknownElementImpl._dispatch (/home/runner/work/henhacks/henhacks/node_modules/jsdom/lib/jsdom/living/events/EventTarget-impl.js:221:9)
        at HTMLUnknownElementImpl.dispatchEvent (/home/runner/work/henhacks/henhacks/node_modules/jsdom/lib/jsdom/living/events/EventTarget-impl.js:94:17)
        at HTMLUnknownElement.dispatchEvent (/home/runner/work/henhacks/henhacks/node_modules/jsdom/lib/jsdom/living/generated/EventTarget.js:231:34)
        at Object.invokeGuardedCallbackDev (/home/runner/work/henhacks/henhacks/node_modules/react-dom/cjs/react-dom.development.js:4213:16)
        at invokeGuardedCallback (/home/runner/work/henhacks/henhacks/node_modules/react-dom/cjs/react-dom.development.js:4277:31)
        at beginWork$1 (/home/runner/work/henhacks/henhacks/node_modules/react-dom/cjs/react-dom.development.js:27451:7)
        at performUnitOfWork (/home/runner/work/henhacks/henhacks/node_modules/react-dom/cjs/react-dom.development.js:26560:12)
        at workLoopSync (/home/runner/work/henhacks/henhacks/node_modules/react-dom/cjs/react-dom.development.js:26466:5)
        at renderRootSync (/home/runner/work/henhacks/henhacks/node_modules/react-dom/cjs/react-dom.development.js:26434:7)
        at recoverFromConcurrentError (/home/runner/work/henhacks/henhacks/node_modules/react-dom/cjs/react-dom.development.js:25850:20)
        at performConcurrentWorkOnRoot (/home/runner/work/henhacks/henhacks/node_modules/react-dom/cjs/react-dom.development.js:25750:22)
        at flushActQueue (/home/runner/work/henhacks/henhacks/node_modules/react/cjs/react.development.js:2667:24)
        at act (/home/runner/work/henhacks/henhacks/node_modules/react/cjs/react.development.js:2582:11)
        at /home/runner/work/henhacks/henhacks/node_modules/@testing-library/react/dist/act-compat.js:63:25
        at renderRoot (/home/runner/work/henhacks/henhacks/node_modules/@testing-library/react/dist/pure.js:159:26)
        at render (/home/runner/work/henhacks/henhacks/node_modules/@testing-library/react/dist/pure.js:246:10)
        at customRender (/home/runner/work/henhacks/henhacks/src/test-utils.tsx:10:9)
        at Object.<anonymous> (/home/runner/work/henhacks/henhacks/src/App.test.tsx:7:9)
        at Promise.then.completed (/home/runner/work/henhacks/henhacks/node_modules/jest-circus/build/utils.js:391:28)
        at new Promise (<anonymous>)
        at callAsyncCircusFn (/home/runner/work/henhacks/henhacks/node_modules/jest-circus/build/utils.js:316:10)
        at _callCircusTest (/home/runner/work/henhacks/henhacks/node_modules/jest-circus/build/run.js:218:40)
        at _runTest (/home/runner/work/henhacks/henhacks/node_modules/jest-circus/build/run.js:155:3)
        at _runTestsForDescribeBlock (/home/runner/work/henhacks/henhacks/node_modules/jest-circus/build/run.js:66:9)
        at run (/home/runner/work/henhacks/henhacks/node_modules/jest-circus/build/run.js:25:3)
        at runAndTransformResultsToJestFormat (/home/runner/work/henhacks/henhacks/node_modules/jest-circus/build/legacy-code-todo-rewrite/jestAdapterInit.js:170:21)
        at jestAdapter (/home/runner/work/henhacks/henhacks/node_modules/jest-circus/build/legacy-code-todo-rewrite/jestAdapter.js:82:19)
        at runTestInternal (/home/runner/work/henhacks/henhacks/node_modules/jest-runner/build/runTest.js:389:16)
        at runTest (/home/runner/work/henhacks/henhacks/node_modules/jest-runner/build/runTest.js:475:34)
        at TestRunner.runTests (/home/runner/work/henhacks/henhacks/node_modules/jest-runner/build/index.js:101:12)
        at TestScheduler.scheduleTests (/home/runner/work/henhacks/henhacks/node_modules/@jest/core/build/TestScheduler.js:333:13)
        at runJest (/home/runner/work/henhacks/henhacks/node_modules/@jest/core/build/runJest.js:404:19)
        at _run10000 (/home/runner/work/henhacks/henhacks/node_modules/@jest/core/build/cli/index.js:320:7)
        at runCLI (/home/runner/work/henhacks/henhacks/node_modules/@jest/core/build/cli/index.js:173:3)
        at Object.run (/home/runner/work/henhacks/henhacks/node_modules/jest-cli/build/cli/index.js:155:37) Error: useRoutes() may be used only in the context of a <Router> component.
        at Object.invariant [as UNSAFE_invariant] (/home/runner/work/henhacks/henhacks/node_modules/@remix-run/router/history.ts:480:11)
        at useRoutesImpl (/home/runner/work/henhacks/henhacks/node_modules/react-router/lib/hooks.tsx:339:3)
        at useRoutes (/home/runner/work/henhacks/henhacks/node_modules/react-router/lib/hooks.tsx:330:10)
        at Routes (/home/runner/work/henhacks/henhacks/node_modules/react-router/lib/components.tsx:403:10)
        at renderWithHooks (/home/runner/work/henhacks/henhacks/node_modules/react-dom/cjs/react-dom.development.js:16305:18)
        at mountIndeterminateComponent (/home/runner/work/henhacks/henhacks/node_modules/react-dom/cjs/react-dom.development.js:20074:13)
        at beginWork (/home/runner/work/henhacks/henhacks/node_modules/react-dom/cjs/react-dom.development.js:21587:16)
        at HTMLUnknownElement.callCallback (/home/runner/work/henhacks/henhacks/node_modules/react-dom/cjs/react-dom.development.js:4164:14)
        at HTMLUnknownElement.callTheUserObjectsOperation (/home/runner/work/henhacks/henhacks/node_modules/jsdom/lib/jsdom/living/generated/EventListener.js:26:30)
        at innerInvokeEventListeners (/home/runner/work/henhacks/henhacks/node_modules/jsdom/lib/jsdom/living/events/EventTarget-impl.js:338:25)
        at invokeEventListeners (/home/runner/work/henhacks/henhacks/node_modules/jsdom/lib/jsdom/living/events/EventTarget-impl.js:274:3)
        at HTMLUnknownElementImpl._dispatch (/home/runner/work/henhacks/henhacks/node_modules/jsdom/lib/jsdom/living/events/EventTarget-impl.js:221:9)
        at HTMLUnknownElementImpl.dispatchEvent (/home/runner/work/henhacks/henhacks/node_modules/jsdom/lib/jsdom/living/events/EventTarget-impl.js:94:17)
        at HTMLUnknownElement.dispatchEvent (/home/runner/work/henhacks/henhacks/node_modules/jsdom/lib/jsdom/living/generated/EventTarget.js:231:34)
        at Object.invokeGuardedCallbackDev (/home/runner/work/henhacks/henhacks/node_modules/react-dom/cjs/react-dom.development.js:4213:16)
        at invokeGuardedCallback (/home/runner/work/henhacks/henhacks/node_modules/react-dom/cjs/react-dom.development.js:4277:31)
        at beginWork$1 (/home/runner/work/henhacks/henhacks/node_modules/react-dom/cjs/react-dom.development.js:27451:7)
        at performUnitOfWork (/home/runner/work/henhacks/henhacks/node_modules/react-dom/cjs/react-dom.development.js:26560:12)
        at workLoopSync (/home/runner/work/henhacks/henhacks/node_modules/react-dom/cjs/react-dom.development.js:26466:5)
        at renderRootSync (/home/runner/work/henhacks/henhacks/node_modules/react-dom/cjs/react-dom.development.js:26434:7)
        at recoverFromConcurrentError (/home/runner/work/henhacks/henhacks/node_modules/react-dom/cjs/react-dom.development.js:25850:20)
        at performConcurrentWorkOnRoot (/home/runner/work/henhacks/henhacks/node_modules/react-dom/cjs/react-dom.development.js:25750:22)
        at flushActQueue (/home/runner/work/henhacks/henhacks/node_modules/react/cjs/react.development.js:2667:24)
        at act (/home/runner/work/henhacks/henhacks/node_modules/react/cjs/react.development.js:2582:11)
        at /home/runner/work/henhacks/henhacks/node_modules/@testing-library/react/dist/act-compat.js:63:25
        at renderRoot (/home/runner/work/henhacks/henhacks/node_modules/@testing-library/react/dist/pure.js:159:26)
        at render (/home/runner/work/henhacks/henhacks/node_modules/@testing-library/react/dist/pure.js:246:10)
        at customRender (/home/runner/work/henhacks/henhacks/src/test-utils.tsx:10:9)
        at Object.<anonymous> (/home/runner/work/henhacks/henhacks/src/App.test.tsx:7:9)
        at Promise.then.completed (/home/runner/work/henhacks/henhacks/node_modules/jest-circus/build/utils.js:391:28)
        at new Promise (<anonymous>)
        at callAsyncCircusFn (/home/runner/work/henhacks/henhacks/node_modules/jest-circus/build/utils.js:316:10)
        at _callCircusTest (/home/runner/work/henhacks/henhacks/node_modules/jest-circus/build/run.js:218:40)
        at _runTest (/home/runner/work/henhacks/henhacks/node_modules/jest-circus/build/run.js:155:3)
        at _runTestsForDescribeBlock (/home/runner/work/henhacks/henhacks/node_modules/jest-circus/build/run.js:66:9)
        at run (/home/runner/work/henhacks/henhacks/node_modules/jest-circus/build/run.js:25:3)
        at runAndTransformResultsToJestFormat (/home/runner/work/henhacks/henhacks/node_modules/jest-circus/build/legacy-code-todo-rewrite/jestAdapterInit.js:170:21)
        at jestAdapter (/home/runner/work/henhacks/henhacks/node_modules/jest-circus/build/legacy-code-todo-rewrite/jestAdapter.js:82:19)
        at runTestInternal (/home/runner/work/henhacks/henhacks/node_modules/jest-runner/build/runTest.js:389:16)
        at runTest (/home/runner/work/henhacks/henhacks/node_modules/jest-runner/build/runTest.js:475:34)
        at TestRunner.runTests (/home/runner/work/henhacks/henhacks/node_modules/jest-runner/build/index.js:101:12)
        at TestScheduler.scheduleTests (/home/runner/work/henhacks/henhacks/node_modules/@jest/core/build/TestScheduler.js:333:13)
        at runJest (/home/runner/work/henhacks/henhacks/node_modules/@jest/core/build/runJest.js:404:19)
        at _run10000 (/home/runner/work/henhacks/henhacks/node_modules/@jest/core/build/cli/index.js:320:7)
        at runCLI (/home/runner/work/henhacks/henhacks/node_modules/@jest/core/build/cli/index.js:173:3)
        at Object.run (/home/runner/work/henhacks/henhacks/node_modules/jest-cli/build/cli/index.js:155:37)

       8 |
       9 | const customRender = (ui: React.ReactElement, options?: RenderOptions) =>
    > 10 |   render(ui, { wrapper: AllProviders, ...options })
         |         ^
      11 |
      12 | export { customRender as render }
      13 |

      at VirtualConsole.<anonymous> (node_modules/jsdom/lib/jsdom/virtual-console.js:29:45)
      at reportException (node_modules/jsdom/lib/jsdom/living/helpers/runtime-script-errors.js:70:28)
      at innerInvokeEventListeners (node_modules/jsdom/lib/jsdom/living/events/EventTarget-impl.js:341:9)
      at invokeEventListeners (node_modules/jsdom/lib/jsdom/living/events/EventTarget-impl.js:274:3)
      at HTMLUnknownElementImpl._dispatch (node_modules/jsdom/lib/jsdom/living/events/EventTarget-impl.js:221:9)
      at HTMLUnknownElementImpl.dispatchEvent (node_modules/jsdom/lib/jsdom/living/events/EventTarget-impl.js:94:17)
      at HTMLUnknownElement.dispatchEvent (node_modules/jsdom/lib/jsdom/living/generated/EventTarget.js:231:34)
      at Object.invokeGuardedCallbackDev (node_modules/react-dom/cjs/react-dom.development.js:4213:16)
      at invokeGuardedCallback (node_modules/react-dom/cjs/react-dom.development.js:4277:31)
      at beginWork$1 (node_modules/react-dom/cjs/react-dom.development.js:27451:7)
      at performUnitOfWork (node_modules/react-dom/cjs/react-dom.development.js:26560:12)
      at workLoopSync (node_modules/react-dom/cjs/react-dom.development.js:26466:5)
      at renderRootSync (node_modules/react-dom/cjs/react-dom.development.js:26434:7)
      at recoverFromConcurrentError (node_modules/react-dom/cjs/react-dom.development.js:25850:20)
      at performConcurrentWorkOnRoot (node_modules/react-dom/cjs/react-dom.development.js:25750:22)
      at flushActQueue (node_modules/react/cjs/react.development.js:2667:24)
      at act (node_modules/react/cjs/react.development.js:2582:11)
      at node_modules/@testing-library/react/dist/act-compat.js:63:25
      at renderRoot (node_modules/@testing-library/react/dist/pure.js:159:26)
      at render (node_modules/@testing-library/react/dist/pure.js:246:10)
      at customRender (src/test-utils.tsx:10:9)
      at Object.<anonymous> (src/App.test.tsx:7:9)
      at TestScheduler.scheduleTests (node_modules/@jest/core/build/TestScheduler.js:333:13)
      at runJest (node_modules/@jest/core/build/runJest.js:404:19)
      at _run10000 (node_modules/@jest/core/build/cli/index.js:320:7)
      at runCLI (node_modules/@jest/core/build/cli/index.js:173:3)

  console.error
    The above error occurred in the <Routes> component:
    
        at Routes (/home/runner/work/henhacks/henhacks/node_modules/react-router/lib/components.tsx:400:3)
        at App
        at EnvironmentProvider (/home/runner/work/henhacks/henhacks/node_modules/@chakra-ui/react-env/dist/index.js:51:11)
        at ColorModeProvider (/home/runner/work/henhacks/henhacks/node_modules/@chakra-ui/color-mode/dist/index.js:180:5)
        at ThemeProvider (/home/runner/work/henhacks/henhacks/node_modules/@emotion/react/dist/emotion-element-b63ca7c6.cjs.dev.js:106:21)
        at ThemeProvider (/home/runner/work/henhacks/henhacks/node_modules/@chakra-ui/system/dist/index.js:129:11)
        at ChakraProvider (/home/runner/work/henhacks/henhacks/node_modules/@chakra-ui/provider/dist/index.js:35:5)
        at ChakraProvider2 (/home/runner/work/henhacks/henhacks/node_modules/@chakra-ui/react/dist/index.js:84:5)
        at AllProviders (/home/runner/work/henhacks/henhacks/src/test-utils.tsx:5:25)
    
    Consider adding an error boundary to your tree to customize error handling behavior.
    Visit https://reactjs.org/link/error-boundaries to learn more about error boundaries.

       8 |
       9 | const customRender = (ui: React.ReactElement, options?: RenderOptions) =>
    > 10 |   render(ui, { wrapper: AllProviders, ...options })
         |         ^
      11 |
      12 | export { customRender as render }
      13 |

      at logCapturedError (node_modules/react-dom/cjs/react-dom.development.js:18687:23)
      at update.callback (node_modules/react-dom/cjs/react-dom.development.js:18720:5)
      at callCallback (node_modules/react-dom/cjs/react-dom.development.js:13923:12)
      at commitUpdateQueue (node_modules/react-dom/cjs/react-dom.development.js:13944:9)
      at commitLayoutEffectOnFiber (node_modules/react-dom/cjs/react-dom.development.js:23391:13)
      at commitLayoutMountEffects_complete (node_modules/react-dom/cjs/react-dom.development.js:24688:9)
      at commitLayoutEffects_begin (node_modules/react-dom/cjs/react-dom.development.js:24674:7)
      at commitLayoutEffects (node_modules/react-dom/cjs/react-dom.development.js:24612:3)
      at commitRootImpl (node_modules/react-dom/cjs/react-dom.development.js:26823:5)
      at commitRoot (node_modules/react-dom/cjs/react-dom.development.js:26682:5)
      at finishConcurrentRender (node_modules/react-dom/cjs/react-dom.development.js:25892:9)
      at performConcurrentWorkOnRoot (node_modules/react-dom/cjs/react-dom.development.js:25809:7)
      at flushActQueue (node_modules/react/cjs/react.development.js:2667:24)
      at act (node_modules/react/cjs/react.development.js:2582:11)
      at node_modules/@testing-library/react/dist/act-compat.js:63:25
      at renderRoot (node_modules/@testing-library/react/dist/pure.js:159:26)
      at render (node_modules/@testing-library/react/dist/pure.js:246:10)
      at customRender (src/test-utils.tsx:10:9)
      at Object.<anonymous> (src/App.test.tsx:7:9)
      at TestScheduler.scheduleTests (node_modules/@jest/core/build/TestScheduler.js:333:13)
      at runJest (node_modules/@jest/core/build/runJest.js:404:19)
      at _run10000 (node_modules/@jest/core/build/cli/index.js:320:7)
      at runCLI (node_modules/@jest/core/build/cli/index.js:173:3)

FAIL src/App.test.tsx
  ✕ renders learn react link (231 ms)

  ● renders learn react link

    useRoutes() may be used only in the context of a <Router> component.

       8 |
       9 | const customRender = (ui: React.ReactElement, options?: RenderOptions) =>
    > 10 |   render(ui, { wrapper: AllProviders, ...options })
         |         ^
      11 |
      12 | export { customRender as render }
      13 |

      at Object.invariant [as UNSAFE_invariant] (node_modules/@remix-run/router/history.ts:480:11)
      at useRoutesImpl (node_modules/react-router/lib/hooks.tsx:339:3)
      at useRoutes (node_modules/react-router/lib/hooks.tsx:330:10)
      at Routes (node_modules/react-router/lib/components.tsx:403:10)
      at renderWithHooks (node_modules/react-dom/cjs/react-dom.development.js:16305:18)
      at mountIndeterminateComponent (node_modules/react-dom/cjs/react-dom.development.js:20074:13)
      at beginWork (node_modules/react-dom/cjs/react-dom.development.js:21587:16)
      at beginWork$1 (node_modules/react-dom/cjs/react-dom.development.js:27426:14)
      at performUnitOfWork (node_modules/react-dom/cjs/react-dom.development.js:26560:12)
      at workLoopSync (node_modules/react-dom/cjs/react-dom.development.js:26466:5)
      at renderRootSync (node_modules/react-dom/cjs/react-dom.development.js:26434:7)
      at recoverFromConcurrentError (node_modules/react-dom/cjs/react-dom.development.js:25850:20)
      at performConcurrentWorkOnRoot (node_modules/react-dom/cjs/react-dom.development.js:25750:22)
      at flushActQueue (node_modules/react/cjs/react.development.js:2667:24)
      at act (node_modules/react/cjs/react.development.js:2582:11)
      at node_modules/@testing-library/react/dist/act-compat.js:63:25
      at renderRoot (node_modules/@testing-library/react/dist/pure.js:159:26)
      at render (node_modules/@testing-library/react/dist/pure.js:246:10)
      at customRender (src/test-utils.tsx:10:9)
      at Object.<anonymous> (src/App.test.tsx:7:9)
      at TestScheduler.scheduleTests (node_modules/@jest/core/build/TestScheduler.js:333:13)
      at runJest (node_modules/@jest/core/build/runJest.js:404:19)
      at _run10000 (node_modules/@jest/core/build/cli/index.js:320:7)
      at runCLI (node_modules/@jest/core/build/cli/index.js:173:3)

----------------------------|---------|----------|---------|---------|-------------------
File                        | % Stmts | % Branch | % Funcs | % Lines | Uncovered Line #s 
----------------------------|---------|----------|---------|---------|-------------------
All files                   |    5.15 |        0 |    6.38 |    5.15 |                   
 src                        |    9.25 |        0 |   14.28 |    9.25 |                   
  App.tsx                   |     100 |      100 |     100 |     100 |                   
  ColorModeSwitcher.tsx     |       0 |      100 |       0 |       0 | 12-17             
  Logo.tsx                  |       0 |        0 |       0 |       0 | 11-23             
  serviceWorker.ts          |       0 |        0 |       0 |       0 | 13-143            
  test-utils.tsx            |     100 |      100 |     100 |     100 |                   
 src/component              |       0 |        0 |       0 |       0 |                   
  BankCards.tsx             |       0 |      100 |       0 |       0 | 28-100            
  MapPlace.tsx              |       0 |        0 |       0 |       0 | 5-22              
  NavBar.tsx                |       0 |      100 |       0 |       0 | 6-47              
  PersonalLoanCardProps.tsx |       0 |        0 |       0 |       0 |                   
  PersonalLoanCards.tsx     |       0 |      100 |       0 |       0 | 35-134            
  SlideShow.tsx             |       0 |        0 |       0 |       0 | 32-100            
  Textbox.tsx               |       0 |        0 |       0 |       0 | 11-61             
 src/pages                  |       0 |      100 |       0 |       0 |                   
  Banking.tsx               |       0 |      100 |       0 |       0 | 7                 
  FAQ.tsx                   |       0 |      100 |       0 |       0 | 6                 
  Forum.tsx                 |       0 |      100 |       0 |       0 | 7                 
  Landing.tsx               |       0 |      100 |       0 |       0 | 7                 
  QnA.tsx                   |       0 |      100 |       0 |       0 | 7                 
  Strategy.tsx              |       0 |      100 |       0 |       0 | 8                 
----------------------------|---------|----------|---------|---------|-------------------
Test Suites: 1 failed, 1 total
Tests:       1 failed, 1 total
Snapshots:   0 total
Time:        4.194 s
Ran all test suites.
